0
20028947581
250
805
896
1455
-1
4750
0
0
25000
1750
46477
0
-1
833
-1
-1
0
0
6000
2080
19530
24637
-1
0
-1
750
0
0
2500
5600
5574
10146
-1
23484
-1
-1
0
0
1000
336
1250
4557
-1
8831
-1
31000
0
0
500
220
0
1397
-1
3839
-1
-1
0
0
62500
-1
0
788
-1
1560
-1
4750
0
0
25000
4375
50748
0
-1
742
-1
-1
0
0
6000
560
16866
28037
-1
0
-1
750
0
0
2500
6560
4641
9804
-1
25392
-1
-1
0
0
1000
464
2022
4273
-1
6951
-1
31000
0
0
500
76
1035
1852
-1
4197
-1
-1
0
0
62500
-1
0
889
-1
1505
-1
4750
0
0
25000
10500
48924
0
358
743
-1
-1
0
0
6000
16800
20023
28114
-1
0
-1
750
0
0
2500
4680
5412
8922
-1
24103
-1
-1
0
0
1000
576
1250
4204
-1
9061
-1
31000
0
0
500
560
991
2166
1802
3627
-1
-1
0
0
62500
-1
0
1082
-1
1523
-1
4750
0
0
25000
9625
52124
0
400
771
-1
-1
0
0
6000
13680
