1 11
1 1
12 13
1 2
4 6
15 21
1 3
1 1
17 21
2 1
9 16
24 18
1 1
1 1
25 22
4 2
5 2
15 25
1 1
1 1
23 24
1 1
18 12
37 16
1 1
1 1
16 15
1 1
32 36
23 19
1 1
1 1
10 10
4 3
12 9
25 17
1 2
1 1
11 18
1 5
2 4
17 20
1 6
1 1
37 35
2 5
3 5
32 15
1 3
1 1
23 24
3 2
14 26
31 20
1 4
1 1
33 28
1 3
24 18
25 25
1 1
1 1
24 20
1 1
16 18
31 27
1 1
1 1
31 25
1 6
30 31
36 16
1 1
1 1
21 22
1 1
18 12
29 28
1 1
1 1
37 24
2 1
6 14
39 37
1 8
1 1
41 26
1 1
18 25
45 7
1 1
1 1
52 30
1 3
23 21
24 36
1 1
1 1
56 30
3 2
16 76
14 75
1 2
1 1
25 3
1 3
2 6
43 18
1 1
1 1
49 35
4 5
4 11
59 41
1 1
1 1
27 22
1 2
21 12
25 28
1 1
1 1
18 8
1 2
7 31
26 20
1 3
1 1
25 11
1 3
2 29
36 27
1 1
1 1
24 38
2 6
42 28
34 29
1 3
1 1
19 14
4 1
3 6
39 33
1 6
1 1
41 35
3 9
56 14
55 62
1 3
1 1
48 33
2 1
9 2
48 27
1 2
1 1
58 52
4 4
29 23
46 63
1 1
1 1
13 17
1 3
19 28
15 64
1 4
1 1
42 47
1 4
66 37
97 57
1 2
1 1
19 29
2 2
10 3
16 78
1 3
1 1
56 36
5 1
20 65
41 49
1 2
1 1
33 22
1 1
58 63
32 57
1 2
1 1
53 34
2 1
11 52
56 71
1 1
1 1
34 24
3 7
33 7
20 48
1 2
1 1
53 41
2 1
17 10
13 40
1 1
1 1
32 12
3 2
29 27
36 28
1 1
1 1
48 27
2 1
5 33
51 20
1 1
1 1
28 41
1 2
34 61
42 14
1 3
1 1
46 42
2 2
24 41
42 43
1 1
1 1
44 35
4 3
30 19
41 71
1 1
1 1
40 26
1 1
75 77
58 28
1 1
1 1
25 6
1 2
11 58
51 67
1 1
1 1
8 33
5 1
29 13
24 39
1 3
1 1
23 36
3 1
66 16
64 65
1 1
1 1
54 91
1 2
52 24
44 43
1 1
1 1
18 37
2 3
25 52
61 25
1 1
1 1
57 90
1 3
5 12
23 43
1 1
1 1
50 48
1 1
32 26
76 46
1 5
1 1
23 3
2 5
21 42
63 30
1 3
1 1
36 60
1 4
22 10
60 41
1 3
1 1
89 64
1 3
51 53
33 32
1 3
1 1
41 28
4 3
8 41
39 69
1 2
1 1
55 32
5 1
8 15
89 87
1 8
1 1
81 48
3 3
21 52
97 10
1 1
1 1
112 58
2 4
39 36
28 64
1 2
1 1
38 13
1 1
28 6
58 63
1 5
1 1
39 40
3 1
13 51
52 90
1 1
1 1
53 54
2 2
4 4
66 28
1 6
1 1
43 70
2 5
1 6
78 44
1 6
1 1
22 54
4 3
3 1
20 54
1 2
1 1
86 55
1 1
107 41
24 65
1 1
1 1
69 57
4 2
8 22
78 37
1 1
1 1
61 52
1 4
8 8
49 60
1 1
1 1
6 28
3 1
25 11
64 18
1 1
1 1
55 53
2 1
49 29
86 86
1 2
1 1
65 70
2 2
34 54
59 68
1 2
1 1
54 50
4 2
56 36
21 54
1 1
1 1
66 38
3 2
18 46
73 73
1 1
1 1
37 15
2 3
49 13
70 88
1 1
1 1
99 79
1 1
10 30
97 54
1 8
1 1
65 32
7 2
20 35
80 27
1 1
1 1
69 38
4 4
20 49
107 87
1 1
1 1
45 19
1 5
31 61
52 27
1 1
1 1
49 67
5 4
45 38
53 33
1 1
1 1
32 52
4 3
4 15
41 32
1 1
1 1
38 43
3 2
10 16
62 38
1 1
1 1
46 27
1 4
21 37
41 26
1 1
1 1
30 47
3 1
6 9
45 36
1 1
1 1
32 58
5 1
41 2
89 62
1 1
1 1
80 85
1 1
5 15
51 46
1 3
1 1
70 73
2 4
23 27
80 46
1 1
1 1
46 64
3 3
6 21
51 46
1 1
1 1
53 70
1 1
82 68
26 58
1 2
1 1
42 77
4 3
61 39
56 37
1 2
1 1
38 58
1 3
4 11
72 16
1 1
1 1
42 7
3 1
3 4
21 74
1 1
1 1
56 97
2 1
6 25
75 74
1 1
1 1
19 49
1 2
79 11
56 83
1 3
1 1
41 93
2 2
61 11
63 32
1 1
1 1
60 97
2 5
14 14
80 74
1 1
1 1
26 82
3 1
49 21
85 76
1 1
1 1
53 28
1 1
8 56
78 72
1 1
1 1
79 37
1 1
11 16
65 57
1 2
1 1
19 83
1 5
2 61
54 53
1 2
1 1
43 78
4 3
83 61
104 31
1 1
1 1
57 40
5 2
21 35
32 69
1 2
1 1
70 66
2 4
26 38
60 36
1 2
1 1
43 26
3 2
16 20
44 47
1 5
1 1
94 30
2 1
7 3
90 66
1 5
1 1
60 31
1 3
8 37
55 40
1 2
1 1
59 124
1 3
8 5
52 41
1 2
1 1
72 126
1 1
9 32
55 27
1 2
1 1
64 110
3 1
14 1
24 39
1 1
1 1
53 50
1 1
21 32
43 77
1 1
1 1
78 12
4 3
23 22
51 94
1 1
1 1
54 21
1 1
68 95
116 122
1 1
1 1
58 56
3 2
4 14
98 87
1 5
1 1
71 82
1 1
17 70
153 87
1 1
1 1
53 64
1 5
54 55
150 74
1 1
1 1
30 15
4 1
66 11
89 61
1 1
1 1
101 102
2 4
36 86
114 82
1 2
1 1
65 58
4 1
82 52
67 80
1 2
1 1
116 85
2 7
15 28
94 56
1 3
1 1
139 90
1 3
87 68
107 15
1 1
1 1
42 120
5 1
17 5
31 83
1 1
1 1
22 47
3 3
19 10
46 37
1 1
1 1
33 70
1 1
26 23
39 125
1 2
1 1
44 28
5 1
34 22
48 52
1 3
1 1
24 37
1 2
28 6
56 62
1 2
1 1
76 58
3 1
36 29
97 69
1 1
1 1
53 13
1 6
46 70
77 27
1 1
1 1
56 28
5 2
44 33
56 61
1 1
1 1
32 30
1 1
5 81
44 57
1 1
1 1
72 48
1 6
41 41
79 29
1 3
1 1
53 119
2 5
16 53
33 28
1 1
1 1
12 77
1 1
89 53
31 47
1 2
1 1
11 69
4 2
23 10
21 80
1 2
1 1
73 53
2 2
2 14
87 77
1 1
1 1
70 51
2 5
26 47
107 63
1 1
1 1
116 41
1 5
60 66
29 34
1 1
1 1
71 13
5 3
35 70
44 60
1 1
1 1
93 76
1 1
54 31
86 30
1 1
1 1
47 92
1 5
6 4
72 41
1 1
1 1
17 108
7 2
8 92
105 67
1 1
1 1
47 19
2 1
33 52
93 84
1 1
1 1
93 39
3 4
70 44
82 45
1 3
1 1
5 45
1 3
97 93
25 95
1 3
1 1
8 65
1 6
33 96
114 98
1 2
1 1
131 149
1 1
53 40
102 37
1 1
1 1
50 35
7 1
38 9
92 130
1 3
1 1
87 157
1 2
9 27
82 97
1 1
1 1
105 158
1 1
58 1
96 120
1 1
1 1
91 167
5 3
11 40
66 22
1 1
1 1
43 122
4 5
74 49
41 41
1 1
1 1
45 39
4 5
24 31
51 54
1 2
1 1
97 81
1 2
12 16
55 111
1 1
1 1
39 40
3 4
78 27
78 66
1 1
1 1
33 37
1 4
19 13
41 74
1 1
1 1
90 65
1 5
42 5
47 45
1 2
1 1
45 80
1 1
62 34
59 62
1 2
1 1
87 79
3 1
13 36
52 61
1 2
1 1
22 84
2 4
50 6
29 30
1 2
1 1
43 117
2 7
23 52
82 80
1 2
1 1
72 56
2 4
32 37
68 26
1 6
1 1
90 74
3 3
66 18
62 106
1 2
1 1
88 19
1 3
5 1
58 90
1 2
1 1
59 97
2 1
43 37
59 91
1 4
1 1
28 66
4 1
64 84
59 83
1 1
1 1
46 64
4 1
32 9
61 87
1 1
1 1
96 58
1 2
49 7
74 61
1 1
1 1
107 23
1 2
84 53
73 82
1 2
1 1
114 36
3 5
27 23
123 59
1 2
1 1
77 82
1 3
18 25
104 118
1 1
1 1
107 74
2 7
29 99
31 122
1 1
1 1
53 72
3 2
57 109
68 69
1 3
1 1
37 85
7 2
50 13
68 71
1 5
1 1
74 141
8 3
15 28
64 51
1 2
1 1
88 29
6 3
58 70
42 33
1 1
1 1
67 115
5 1
83 24
87 47
1 1
1 1
120 132
3 5
48 82
90 37
1 3
1 1
88 78
2 5
2 20
110 101
1 3
1 1
67 23
2 1
2 14
90 82
1 1
1 1
82 63
2 2
3 12
84 39
1 5
1 1
99 58
5 2
5 3
59 48
1 3
1 1
65 32
1 1
81 56
44 68
1 8
1 1
60 26
4 1
11 106
77 39
1 2
1 1
29 83
6 1
43 153
26 20
1 1
1 1
70 52
1 1
34 22
66 32
1 7
1 1
31 104
2 7
70 93
52 32
1 3
1 1
54 44
1 1
37 43
82 87
1 1
1 1
60 37
4 3
62 2
139 101
1 1
1 1
115 51
2 2
47 14
96 121
1 4
1 1
138 56
1 3
46 36
140 32
1 1
1 1
48 135
4 1
69 44
45 87
1 1
1 1
98 37
1 2
55 13
89 72
1 1
1 1
53 43
3 5
24 6
113 74
1 2
1 1
40 90
1 2
35 32
93 49
1 5
1 1
78 84
2 1
94 57
42 95
1 4
1 1
70 59
5 3
43 15
79 52
1 4
1 1
23 121
1 2
20 68
50 44
1 1
1 1
35 74
1 1
71 15
27 85
1 9
1 1
119 63
3 5
40 43
71 90
1 3
1 1
121 82
3 6
40 24
55 87
1 2
1 1
127 70
4 1
27 73
48 125
1 1
1 1
13 98
3 2
12 31
80 32
1 3
1 1
95 97
3 1
129 31
32 42
1 1
1 1
90 19
3 1
76 50
80 125
1 1
1 1
138 107
1 1
12 4
122 68
1 2
1 1
21 112
3 1
92 36
89 89
1 1
1 1
88 45
2 5
9 12
30 82
1 1
1 1
72 51
3 5
34 7
59 111
1 1
1 1
54 108
6 2
8 38
38 44
1 1
1 1
27 104
3 4
65 43
42 94
1 1
1 1
36 116
4 1
17 130
40 107
1 2
1 1
86 18
2 7
6 9
72 131
1 2
1 1
81 53
3 2
29 17
81 110
1 1
1 1
83 59
1 2
9 7
50 86
1 2
1 1
57 126
3 2
27 8
60 54
1 2
1 1
34 93
2 2
10 45
52 45
1 2
1 1
106 68
7 3
25 7
58 85
1 2
1 1
111 65
1 1
9 24
102 89
1 1
1 1
126 105
6 3
2 5
41 88
1 2
1 1
69 40
1 1
39 4
122 76
1 1
1 1
78 47
1 4
6 8
83 112
1 1
1 1
57 69
1 6
62 71
110 59
1 4
1 1
102 104
2 5
2 19
77 83
1 2
1 1
130 53
3 4
33 70
104 82
1 2
1 1
111 27
3 1
80 71
73 46
1 1
1 1
12 130
1 4
26 55
63 70
1 1
1 1
117 59
1 3
32 91
74 112
1 3
1 1
105 62
2 1
2 64
99 37
1 3
1 1
56 79
4 7
35 76
118 43
1 1
1 1
118 57
1 2
41 105
68 86
1 2
1 1
132 30
1 5
68 65
97 98
1 1
1 1
114 48
5 2
24 22
87 51
1 4
1 1
88 72
5 1
20 42
91 74
1 7
1 1
134 43
5 5
37 4
96 53
1 6
1 1
92 59
3 3
113 83
42 118
1 2
1 1
118 28
9 1
2 18
123 84
1 1
1 1
55 102
5 5
9 50
94 28
1 1
1 1
70 70
4 1
3 1
49 86
1 2
1 1
94 26
3 2
17 53
93 90
1 1
1 1
55 100
4 4
106 14
109 92
1 1
1 1
50 28
1 3
60 21
101 60
1 3
1 1
105 79
8 2
66 72
72 108
1 5
1 1
66 89
1 1
61 70
140 87
1 2
1 1
105 105
1 2
84 71
52 46
1 1
1 1
60 126
6 2
6 4
55 50
1 1
1 1
104 177
4 1
70 10
50 37
1 1
1 1
25 121
1 1
60 137
67 78
1 1
1 1
38 118
5 2
68 59
49 84
1 2
1 1
146 137
2 6
55 16
89 52
1 2
1 1
90 112
1 1
8 18
23 62
1 2
1 1
60 93
4 1
4 14
67 54
1 1
1 1
76 55
1 5
4 40
40 70
1 1
1 1
14 132
5 2
65 73
94 52
1 1
1 1
77 99
6 1
37 64
58 82
1 1
1 1
127 24
2 4
24 32
36 116
1 1
1 1
159 82
2 2
14 26
111 97
1 4
1 1
79 58
3 3
23 56
91 46
1 3
1 1
63 82
1 3
11 1
53 42
1 4
1 1
75 76
3 4
24 8
44 100
1 1
1 1
57 156
7 2
2 5
87 95
1 2
1 1
79 45
1 1
10 8
145 86
1 1
1 1
57 69
2 4
33 35
109 90
1 1
1 1
34 91
1 1
29 102
80 95
1 1
1 1
137 112
1 1
43 53
113 69
1 1
1 1
106 65
3 2
55 49
44 60
1 1
1 1
24 105
1 4
50 3
76 63
1 4
1 1
112 18
1 1
46 63
64 67
1 1
1 1
26 107
7 2
75 64
93 77
1 1
1 1
94 146
4 1
1 34
140 119
1 1
1 1
130 150
2 1
20 42
117 64
1 1
1 1
111 109
1 4
97 28
44 109
1 1
1 1
20 117
3 8
41 8
67 16
1 3
1 1
105 119
4 2
98 23
75 37
1 1
1 1
10 137
1 3
56 36
55 70
1 2
1 1
34 158
1 2
63 149
41 145
1 2
1 1
163 86
8 2
24 28
66 65
1 1
1 1
34 144
2 4
36 7
46 101
1 2
1 1
68 81
1 2
2 6
76 76
1 1
1 1
81 66
3 1
25 10
55 105
1 1
1 1
153 60
1 5
176 1
63 116
1 1
1 1
125 82
3 3
23 19
95 92
1 1
1 1
91 30
2 2
122 60
87 68
1 2
1 1
73 68
3 2
15 54
82 77
1 1
1 1
147 29
9 4
53 5
98 71
1 5
1 1
115 94
1 1
32 56
104 132
1 2
1 1
102 75
4 2
37 94
132 55
1 1
1 1
65 102
2 5
38 6
86 68
1 2
1 1
76 108
4 2
92 24
57 78
1 2
1 1
64 79
3 3
18 12
89 15
1 2
1 1
131 62
5 4
33 84
94 68
1 1
1 1
94 99
1 1
66 44
93 78
1 1
1 1
64 101
5 2
20 13
93 84
1 1
1 1
99 160
2 3
59 98
170 38
1 1
1 1
146 8
1 2
26 64
40 127
1 2
1 1
106 51
3 7
50 17
89 99
1 1
1 1
147 11
3 3
16 23
64 119
1 1
1 1
31 138
4 3
27 25
78 115
1 1
1 1
113 26
2 6
18 17
126 77
1 2
1 1
145 27
1 1
2 3
97 110
1 1
1 1
42 172
1 2
18 22
88 104
1 2
1 1
51 135
4 3
8 11
48 128
1 5
1 1
161 51
3 1
51 100
32 46
1 2
1 1
53 202
4 1
13 100
59 42
1 2
1 1
77 178
3 3
12 15
17 78
1 2
1 1
155 55
4 2
40 66
54 133
1 3
1 1
97 81
3 3
5 60
53 26
1 3
1 1
94 69
4 4
13 46
74 94
1 4
1 1
61 93
2 2
23 18
102 88
1 2
1 1
140 15
2 1
83 44
91 31
1 2
1 1
12 162
1 2
16 49
29 68
1 1
1 1
123 166
4 1
37 22
99 80
1 2
1 1
95 41
7 1
33 24
84 39
1 2
1 1
107 64
2 2
12 9
68 45
1 1
1 1
150 20
3 5
32 71
85 94
1 3
1 1
106 81
1 3
22 12
141 77
1 1
1 1
109 51
1 5
23 37
51 61
1 2
1 1
39 141
2 1
61 66
48 102
1 4
1 1
107 69
2 1
4 23
107 118
1 2
1 1
84 113
1 1
51 39
72 67
1 1
1 1
81 158
6 1
51 17
110 112
1 1
1 1
112 178
2 2
89 7
67 35
1 1
1 1
44 131
2 2
181 62
55 139
1 4
1 1
162 26
3 2
95 14
62 106
1 1
1 1
98 111
4 4
50 63
50 72
1 3
1 1
63 169
1 5
39 103
47 66
1 2
1 1
33 218
3 3
21 15
55 51
1 2
1 1
150 73
3 5
36 44
145 39
1 1
1 1
58 184
4 3
96 45
70 62
1 3
1 1
40 218
4 3
46 29
35 60
1 1
1 1
39 190
3 1
38 45
76 100
1 4
1 1
60 106
6 4
32 26
118 73
1 1
1 1
149 92
3 2
116 65
133 69
1 1
1 1
7 145
1 2
42 47
84 81
1 3
1 1
128 50
4 4
26 1
67 133
1 1
1 1
114 35
1 1
41 100
65 37
1 1
1 1
151 15
1 4
86 34
77 158
1 3
1 1
132 103
6 2
5 10
51 120
1 1
1 1
105 49
3 3
10 10
106 116
1 1
1 1
14 146
3 3
86 60
179 28
1 2
1 1
83 90
6 2
26 22
113 112
1 2
1 1
31 148
4 3
62 169
76 53
1 1
1 1
54 179
2 1
116 153
36 102
1 1
1 1
132 51
1 9
20 5
77 111
1 2
1 1
163 110
6 1
130 31
134 71
1 1
1 1
147 71
2 2
49 13
153 61
1 2
1 1
29 159
4 1
49 20
96 75
1 1
1 1
50 144
1 9
20 129
134 55
1 2
1 1
154 59
6 3
56 16
96 171
1 2
1 1
114 56
5 1
40 9
74 129
1 2
1 1
110 68
5 1
5 11
117 50
1 1
1 1
115 98
1 2
88 102
46 123
1 3
1 1
148 74
1 2
40 46
117 41
1 1
1 1
124 34
1 1
16 28
75 68
1 1
1 1
62 158
7 2
41 102
48 47
1 1
1 1
102 113
1 6
22 30
95 61
1 3
1 1
143 55
3 4
39 87
42 103
1 1
1 1
158 58
2 1
48 17
112 42
1 5
1 1
117 56
1 6
61 83
49 85
1 1
1 1
9 164
5 6
68 49
72 86
1 2
1 1
81 57
1 7
18 103
150 153
1 2
1 1
104 43
5 1
151 26
160 74
1 2
1 1
256 44
2 1
10 8
62 163
1 2
1 1
213 104
1 2
4 94
105 47
1 1
1 1
168 101
3 3
17 66
97 70
1 1
1 1
67 102
2 1
88 122
134 146
1 1
1 1
115 53
2 3
50 5
169 142
1 5
1 1
91 96
1 2
24 13
83 69
1 3
1 1
64 109
2 2
63 103
63 175
1 1
1 1
138 56
2 5
65 31
28 79
1 1
1 1
161 64
2 3
238 47
54 124
1 2
1 1
188 117
1 1
55 52
112 164
1 1
1 1
155 82
2 2
33 21
36 191
1 1
1 1
178 114
2 4
32 15
65 145
1 2
1 1
119 91
4 3
26 55
115 140
1 1
1 1
141 132
6 1
17 1
96 77
1 2
1 1
60 215
3 3
56 39
37 51
1 2
1 1
40 194
3 6
83 40
64 142
1 1
1 1
210 37
1 1
64 123
90 142
1 1
1 1
204 143
1 2
129 62
82 158
1 6
1 1
69 153
1 2
77 33
65 46
1 4
1 1
153 45
6 1
145 122
115 91
1 2
1 1
144 80
5 4
18 42
86 133
1 2
1 1
42 146
2 5
28 18
64 94
1 5
1 1
120 74
1 3
19 86
118 58
1 1
1 1
78 143
1 1
20 41
62 81
1 1
1 1
132 77
2 6
61 16
138 47
1 2
1 1
151 97
3 1
32 50
119 39
1 3
1 1
106 82
2 5
17 62
43 78
1 5
1 1
16 167
3 2
21 28
90 48
1 1
1 1
104 119
7 3
13 21
105 85
1 1
1 1
160 32
2 5
13 23
86 106
1 1
1 1
37 138
5 3
61 20
139 37
1 5
1 1
83 109
1 4
38 15
102 73
1 1
1 1
63 157
2 8
83 41
79 86
1 1
1 1
202 10
1 4
30 48
59 45
1 2
1 1
90 159
3 2
33 7
22 142
1 3
1 1
150 94
1 4
37 22
93 126
1 3
1 1
97 121
4 5
58 65
98 20
1 1
1 1
26 210
1 2
44 25
74 93
1 1
1 1
44 162
2 3
43 43
101 89
1 1
1 1
160 60
1 5
13 6
83 97
1 2
1 1
139 107
2 3
12 32
100 101
1 2
1 1
75 106
1 2
80 27
92 98
1 2
1 1
14 182
1 2
81 5
89 79
1 4
1 1
15 194
1 8
39 136
49 123
1 2
1 1
142 74
3 1
6 84
80 137
1 1
1 1
31 197
2 2
28 24
63 55
1 1
1 1
137 152
6 1
8 4
119 58
1 1
1 1
212 8
2 2
52 15
65 73
1 1
1 1
173 19
1 2
56 49
85 64
1 7
1 1
182 37
2 3
34 109
40 121
1 2
1 1
148 96
1 5
12 4
166 130
1 1
1 1
161 121
4 2
14 169
113 70
1 2
1 1
154 119
1 3
76 91
86 114
1 2
1 1
12 187
2 4
15 51
92 96
1 1
1 1
135 110
5 1
23 30
98 140
1 2
1 1
33 177
6 3
26 43
112 151
1 1
1 1
186 51
2 2
93 83
77 157
1 1
1 1
11 194
1 2
69 67
86 92
1 9
1 1
87 143
3 4
57 24
62 38
1 2
1 1
178 39
3 3
14 17
67 130
1 4
1 1
70 155
1 5
8 19
92 51
1 1
1 1
99 116
5 1
10 30
168 105
1 1
1 1
176 20
4 1
66 60
141 78
1 1
1 1
28 182
2 4
25 18
72 118
1 1
1 1
56 115
1 3
25 21
93 32
1 3
1 1
47 206
1 1
17 31
62 76
1 3
1 1
180 53
1 3
92 26
117 94
1 1
1 1
149 28
4 3
11 42
116 125
1 1
1 1
41 176
1 3
65 88
86 97
1 1
1 1
56 151
8 4
15 35
76 138
1 1
1 1
74 134
1 3
19 6
118 91
1 2
1 1
133 112
2 7
6 41
143 118
1 1
1 1
181 14
2 3
87 70
94 86
1 1
1 1
159 107
6 4
6 12
102 77
1 1
1 1
75 134
2 5
38 69
74 95
1 1
1 1
65 178
2 7
32 48
63 114
1 3
1 1
76 165
1 5
16 133
81 66
1 3
1 1
53 149
3 1
95 55
150 55
1 1
1 1
211 56
2 3
60 154
120 68
1 2
1 1
133 91
8 1
4 1
80 99
1 1
1 1
139 100
1 1
91 75
85 138
1 1
1 1
106 115
1 1
20 112
108 18
1 4
1 1
181 26
3 1
173 77
82 73
1 1
1 1
11 221
1 3
87 54
87 71
1 2
1 1
144 126
7 1
58 9
129 64
1 2
1 1
121 94
1 3
4 2
111 84
1 1
1 1
48 209
1 4
57 30
68 114
1 4
1 1
14 211
3 3
87 52
114 45
1 2
1 1
165 99
1 4
19 45
124 79
1 2
1 1
178 60
4 1
53 34
116 72
1 2
1 1
62 202
3 4
43 85
61 76
1 2
1 1
149 127
1 3
19 8
64 95
1 2
1 1
257 71
1 1
39 51
157 95
1 1
1 1
253 68
2 1
60 14
172 117
1 2
1 1
129 70
3 2
12 34
160 163
1 1
1 1
61 198
1 1
23 99
175 90
1 2
1 1
147 171
7 3
3 1
58 119
1 3
1 1
107 123
1 2
23 17
68 125
1 2
1 1
255 19
2 1
132 30
101 125
1 3
1 1
145 105
3 6
18 6
73 57
1 1
1 1
52 232
2 3
47 183
41 147
1 1
1 1
137 144
2 1
29 72
153 94
1 1
1 1
155 87
2 3
70 38
67 110
1 1
1 1
102 185
6 2
28 131
144 122
1 6
1 1
193 19
5 2
65 44
130 80
1 1
1 1
75 151
4 2
44 26
25 122
1 2
1 1
172 128
5 1
141 12
90 118
1 4
1 1
151 72
1 4
8 32
165 72
1 4
1 1
65 200
5 2
30 55
85 40
1 1
1 1
177 78
1 2
65 62
125 72
1 4
1 1
182 95
1 6
23 19
77 113
1 3
1 1
165 49
2 2
38 66
118 136
1 4
1 1
78 158
4 9
29 10
190 110
1 2
1 1
88 139
3 4
47 56
94 141
1 2
1 1
51 216
3 5
12 82
61 217
1 2
1 1
135 83
2 1
11 23
127 83
1 1
1 1
90 144
1 8
90 24
123 87
1 2
1 1
56 232
4 2
34 24
97 106
1 2
1 1
174 103
8 1
1 1
92 109
1 1
1 1
141 60
3 4
107 11
168 51
1 1
1 1
119 155
3 3
16 7
107 42
1 1
1 1
44 242
7 1
85 45
44 103
1 1
1 1
78 232
4 4
42 138
59 117
1 1
1 1
57 205
1 8
54 178
65 131
1 1
1 1
144 106
5 6
97 64
119 76
1 1
1 1
134 135
2 9
61 38
142 22
1 2
1 1
133 156
3 2
22 10
74 112
1 2
1 1
120 166
2 6
49 42
81 80
1 4
1 1
147 61
1 3
148 26
85 63
1 3
1 1
45 219
2 8
12 12
51 113
1 1
1 1
100 153
2 3
34 66
85 143
1 2
1 1
63 220
5 5
48 36
77 68
1 1
1 1
13 221
7 5
35 185
133 143
1 1
1 1
216 50
1 5
30 84
115 120
1 1
1 1
62 171
2 3
14 4
113 132
1 4
1 1
50 187
2 1
12 5
171 28
1 1
1 1
174 82
2 1
76 19
101 117
1 1
1 1
151 121
1 1
46 75
112 87
1 1
1 1
235 43
5 5
218 84
142 84
1 1
1 1
220 50
8 6
59 67
123 115
1 2
1 1
95 189
3 1
94 58
111 90
1 1
1 1
32 200
2 1
59 21
79 106
1 1
1 1
142 154
7 2
7 109
126 68
1 2
1 1
11 263
3 3
97 145
107 135
1 2
1 1
167 86
1 1
46 32
147 51
1 1
1 1
168 95
6 2
45 51
164 80
1 1
1 1
169 160
2 3
44 21
65 107
1 3
1 1
50 203
2 6
68 75
110 78
1 7
1 1
96 188
1 1
55 44
75 90
1 2
1 1
90 178
2 4
32 116
143 79
1 1
1 1
67 212
3 4
103 112
95 82
1 1
1 1
207 100
5 7
122 69
127 100
1 2
1 1
253 41
1 3
19 17
122 101
1 1
1 1
64 244
4 4
137 25
103 119
1 6
1 1
279 20
2 4
129 122
82 153
1 2
1 1
78 235
2 3
8 6
101 104
1 1
1 1
166 145
3 3
103 31
105 162
1 1
1 1
205 141
1 2
24 27
178 48
1 2
1 1
231 45
1 1
90 42
109 70
1 3
1 1
121 181
3 1
69 73
96 137
1 1
1 1
69 184
4 1
149 46
95 175
1 1
1 1
237 70
2 3
73 24
112 123
1 1
1 1
131 123
1 6
98 113
163 153
1 1
1 1
250 56
2 6
178 27
71 168
1 1
1 1
82 173
2 1
65 23
121 76
1 2
1 1
19 260
2 1
17 7
99 73
1 2
1 1
92 190
4 4
144 7
102 186
1 1
1 1
245 47
1 3
20 187
97 193
1 2
1 1
61 237
3 3
19 46
131 73
1 1
1 1
147 145
1 4
7 18
73 100
1 2
1 1
257 25
2 4
145 83
171 75
1 1
1 1
191 67
1 3
45 13
83 86
1 5
1 1
52 239
1 7
80 43
47 97
1 3
1 1
170 158
1 2
87 83
199 100
1 1
1 1
89 174
1 2
51 80
108 93
1 3
1 1
14 224
1 1
25 51
96 82
1 3
1 1
117 155
4 2
15 55
111 113
1 2
1 1
195 100
3 2
52 132
114 70
1 1
1 1
238 49
4 5
11 42
106 105
1 6
1 1
74 207
1 2
43 15
106 121
1 1
1 1
191 136
8 2
6 19
141 81
1 4
1 1
158 126
1 7
41 18
95 96
1 1
1 1
100 217
4 4
21 181
89 151
1 7
1 1
293 28
1 1
6 4
111 97
1 1
1 1
126 180
3 2
92 28
156 109
1 2
1 1
74 214
3 2
85 120
91 122
1 1
1 1
82 271
2 1
174 35
106 131
1 1
1 1
131 182
4 2
38 124
115 94
1 1
1 1
46 232
2 1
18 95
134 187
1 1
1 1
223 67
4 3
66 26
186 108
1 1
1 1
218 68
1 1
137 45
165 113
1 1
1 1
246 38
9 1
76 198
55 92
1 1
1 1
98 192
2 1
13 30
36 167
1 3
1 1
215 139
3 3
99 27
105 125
1 2
1 1
198 107
5 3
101 108
122 100
1 1
1 1
141 167
1 2
6 15
144 94
1 1
1 1
157 105
3 4
6 36
91 66
1 4
1 1
55 220
8 5
17 106
103 131
1 1
1 1
173 61
3 5
107 56
129 48
1 2
1 1
172 110
5 1
81 46
159 66
1 1
1 1
185 112
6 1
36 111
119 82
1 2
1 1
168 101
1 3
25 32
100 106
1 1
1 1
212 105
2 11
44 31
187 107
1 3
1 1
295 67
1 3
32 153
158 137
1 1
1 1
301 20
1 7
145 93
121 123
1 4
1 1
312 15
2 4
147 12
82 111
1 3
1 1
265 21
8 2
56 116
93 127
1 5
1 1
160 177
6 4
5 4
141 109
1 3
1 1
66 199
4 2
85 170
158 153
1 3
1 1
237 50
1 3
25 39
166 119
1 4
1 1
260 58
1 2
105 227
100 66
1 1
1 1
282 13
4 2
65 95
80 128
1 1
1 1
269 17
3 4
51 40
101 131
1 1
1 1
69 242
7 6
32 145
116 112
1 2
1 1
62 267
1 1
23 68
116 78
1 2
1 1
259 17
5 3
69 19
89 72
1 1
1 1
149 173
1 3
96 101
135 131
1 4
1 1
222 133
2 4
20 81
153 72
1 2
1 1
90 295
2 4
51 48
86 166
1 1
1 1
87 188
5 2
3 7
172 143
1 2
1 1
32 254
1 1
91 63
105 189
1 2
1 1
273 24
5 1
5 54
95 208
1 2
1 1
277 89
1 3
1 15
98 206
1 3
1 1
235 30
3 4
35 160
145 169
1 5
1 1
271 55
1 1
2 2
87 171
1 2
1 1
182 80
5 1
1 4
72 135
1 1
1 1
110 146
5 1
6 25
81 127
1 1
1 1
59 224
4 1
46 18
116 73
1 4
1 1
29 238
7 1
73 41
95 167
1 1
1 1
82 197
1 6
41 36
127 108
1 2
1 1
104 217
2 3
8 21
106 62
1 3
1 1
274 45
2 2
12 63
158 156
1 3
1 1
140 198
4 1
13 32
92 49
1 2
1 1
36 278
1 3
41 54
48 162
1 1
1 1
241 95
1 6
74 51
130 149
1 1
1 1
21 283
1 4
11 94
188 81
1 1
1 1
200 107
2 5
209 110
65 181
1 1
1 1
95 176
1 2
59 202
119 62
1 2
1 1
18 322
2 1
23 76
89 58
1 1
1 1
131 224
2 2
36 45
188 110
1 1
1 1
253 72
3 3
37 170
37 146
1 4
1 1
272 22
4 5
13 9
84 117
1 2
1 1
156 168
1 1
35 8
80 189
1 1
1 1
258 87
9 1
12 99
149 135
1 1
1 1
282 7
3 2
19 48
136 174
1 2
1 1
246 75
4 1
43 185
138 92
1 3
1 1
254 51
2 2
43 120
128 121
1 6
1 1
246 98
4 2
5 41
143 120
1 4
1 1
134 165
3 2
20 313
94 161
1 3
1 1
212 74
1 3
45 100
130 124
1 1
1 1
99 220
5 2
92 20
164 105
1 2
1 1
43 271
3 2
4 4
107 184
1 1
1 1
313 36
3 1
7 90
144 171
1 1
1 1
252 34
1 1
86 134
120 117
1 2
1 1
280 3
1 6
138 92
118 107
1 1
1 1
184 121
3 5
27 186
138 108
1 2
1 1
285 51
3 2
33 26
125 126
1 3
1 1
251 98
1 1
29 23
93 149
1 1
1 1
180 154
1 2
8 3
69 158
1 2
1 1
193 186
3 3
38 31
76 139
1 3
1 1
258 51
2 4
7 203
125 147
1 3
1 1
129 196
1 5
31 26
155 114
1 1
1 1
18 308
1 1
161 109
113 51
1 1
1 1
102 230
3 1
8 39
183 196
1 1
1 1
266 68
3 2
107 107
140 164
1 3
1 1
185 132
2 8
13 78
181 90
1 3
1 1
73 290
1 1
28 103
77 189
1 1
1 1
221 119
7 1
13 249
99 132
1 2
1 1
6 300
5 5
10 3
144 98
1 4
1 1
263 71
4 2
141 45
120 166
1 1
1 1
104 228
3 4
134 17
111 81
1 1
1 1
200 163
1 1
119 107
92 115
1 1
1 1
122 186
4 1
16 10
152 110
1 1
1 1
290 50
3 1
77 28
130 126
1 1
1 1
257 68
4 3
62 110
94 150
1 1
1 1
191 139
7 1
16 2
203 111
1 3
1 1
156 173
1 1
38 127
146 74
1 1
1 1
227 175
8 4
68 64
176 55
1 1
1 1
104 266
3 1
24 24
112 152
1 4
1 1
149 209
1 3
22 8
128 62
1 3
1 1
65 233
3 4
110 25
108 177
1 1
1 1
243 120
2 2
41 21
100 168
1 1
1 1
171 174
3 1
41 19
151 108
1 1
1 1
319 37
2 3
20 12
120 207
1 3
1 1
287 3
4 4
104 38
154 125
1 1
1 1
175 159
5 1
46 91
118 59
1 3
1 1
192 137
2 2
33 40
177 95
1 5
1 1
23 278
10 1
33 24
121 165
1 4
1 1
200 110
6 3
47 47
151 123
1 2
1 1
215 133
1 2
66 233
116 138
1 1
1 1
209 127
1 1
2 25
145 122
1 1
1 1
33 277
3 3
52 107
191 88
1 3
1 1
48 271
1 2
54 41
141 199
1 2
1 1
31 285
7 4
46 9
199 100
1 1
1 1
50 282
2 3
48 32
70 178
1 1
1 1
192 113
2 4
78 52
54 176
1 1
1 1
144 206
2 1
15 8
79 151
1 4
1 1
232 183
8 5
66 165
109 158
1 1
1 1
267 33
5 2
151 13
141 81
1 2
1 1
290 35
2 1
11 18
127 147
1 1
1 1
69 259
5 2
4 64
172 61
1 1
1 1
334 37
4 3
26 200
75 151
1 1
1 1
177 132
1 2
127 8
124 139
1 1
1 1
268 78
3 5
15 71
152 220
1 1
1 1
268 87
3 1
3 4
190 117
1 1
1 1
163 168
4 1
59 26
121 150
1 1
1 1
142 234
2 1
84 79
131 183
1 1
1 1
265 118
4 5
102 4
204 71
1 4
1 1
120 198
2 7
26 10
129 134
1 2
1 1
61 279
4 4
5 18
143 59
1 1
1 1
119 184
3 1
47 29
165 85
1 5
1 1
139 184
1 1
40 100
110 160
1 2
1 1
207 134
1 4
20 26
105 143
1 3
1 1
203 153
1 1
60 11
106 154
1 2
1 1
65 293
7 2
62 228
147 134
1 2
1 1
326 7
1 2
29 8
142 127
1 1
1 1
87 256
5 8
17 5
165 188
1 1
1 1
317 47
6 1
83 69
158 111
1 3
1 1
24 315
5 5
34 29
117 163
1 1
1 1
281 23
4 2
103 181
135 196
1 2
1 1
326 30
1 3
32 21
142 147
1 1
1 1
263 78
1 5
102 11
81 133
1 1
1 1
228 47
2 1
81 27
157 106
1 2
1 1
103 248
7 4
95 11
121 82
1 3
1 1
72 316
2 1
84 13
62 142
1 1
1 1
177 178
3 3
50 80
85 171
1 2
1 1
165 180
2 2
28 152
202 170
1 1
1 1
298 77
3 1
48 39
110 176
1 2
1 1
141 200
5 5
72 5
92 121
1 1
1 1
137 185
3 4
26 11
99 189
1 4
1 1
226 160
3 1
41 61
201 36
1 1
1 1
159 154
3 1
52 26
150 85
1 4
1 1
73 325
3 3
76 10
85 96
1 1
1 1
285 50
1 5
80 99
124 121
1 2
1 1
289 34
2 4
22 25
140 101
1 1
1 1
260 124
1 3
81 247
73 108
1 2
1 1
147 238
1 1
76 36
123 119
1 1
1 1
15 348
5 3
85 160
114 87
1 2
1 1
158 199
2 1
36 72
165 120
1 2
1 1
243 111
6 1
43 3
104 122
1 1
1 1
213 86
2 1
43 32
132 113
1 1
1 1
182 96
1 2
36 14
75 146
1 2
1 1
144 157
3 1
10 42
141 105
1 1
1 1
65 207
2 1
55 59
37 181
1 1
1 1
21 272
4 2
27 137
156 96
1 1
1 1
124 178
1 1
47 86
106 104
1 3
1 1
116 221
3 4
27 52
90 78
1 2
1 1
19 279
1 4
10 30
103 190
1 2
1 1
192 132
1 5
21 21
142 88
1 1
1 1
202 107
4 2
29 19
139 119
1 3
1 1
136 166
1 2
7 120
143 92
1 3
1 1
70 285
3 4
95 75
99 147
1 3
1 1
92 231
6 4
27 10
115 110
1 1
1 1
24 279
1 2
26 141
68 160
1 3
1 1
99 155
1 3
66 63
130 34
1 5
1 1
48 303
2 2
4 12
72 111
1 2
1 1
162 147
2 7
64 90
143 25
1 1
1 1
26 244
2 3
25 118
118 91
1 2
1 1
190 90
1 4
44 100
111 131
1 3
1 1
82 224
4 1
23 1
109 95
1 1
1 1
57 243
4 2
29 101
80 141
1 2
1 1
73 245
2 4
15 49
69 74
1 1
1 1
185 129
1 4
15 26
158 137
1 3
1 1
279 61
1 5
23 30
147 187
1 3
1 1
315 57
2 1
85 66
80 189
1 1
1 1
5 289
1 1
40 159
173 95
1 2
1 1
66 212
3 1
8 6
80 154
1 3
1 1
194 75
9 2
113 88
43 188
1 1
1 1
267 42
2 1
26 49
162 103
1 1
1 1
245 15
2 6
16 23
119 159
1 1
1 1
188 58
3 3
83 98
82 99
1 1
1 1
226 77
2 4
43 7
93 150
1 6
1 1
171 86
3 4
1 9
149 114
1 1
1 1
263 30
2 5
57 9
43 136
1 1
1 1
183 195
5 2
74 149
123 152
1 1
1 1
23 231
2 4
6 18
84 124
1 3
1 1
265 69
3 2
10 49
108 133
1 3
1 1
164 119
3 2
155 11
84 141
1 2
1 1
262 26
2 1
6 4
125 126
1 1
1 1
242 18
2 5
9 6
171 160
1 8
1 1
164 166
1 2
5 6
132 44
1 2
1 1
307 27
2 1
9 139
77 153
1 5
1 1
14 280
1 3
118 61
97 128
1 2
1 1
171 135
1 1
88 82
169 99
1 1
1 1
214 66
5 3
7 43
95 125
1 1
1 1
184 109
3 4
10 10
93 113
1 1
1 1
90 191
5 6
6 101
59 131
1 1
1 1
27 247
4 1
79 64
120 107
1 1
1 1
132 137
1 1
36 20
108 96
1 1
1 1
164 163
3 2
12 28
97 113
1 1
1 1
82 218
5 2
119 124
79 157
1 1
1 1
287 16
1 3
20 29
160 100
1 1
1 1
50 235
1 1
1 3
152 111
1 1
1 1
157 166
1 9
24 23
99 118
1 1
1 1
302 13
5 2
177 18
108 134
1 1
1 1
273 93
3 1
41 18
154 90
1 1
1 1
284 112
1 2
55 48
176 138
1 2
1 1
129 144
5 3
21 69
163 117
1 1
1 1
139 177
1 3
30 16
151 108
1 6
1 1
165 198
4 2
172 72
119 110
1 2
1 1
156 135
3 5
40 84
134 131
1 1
1 1
158 122
2 6
82 83
90 192
1 2
1 1
64 277
1 5
89 24
107 143
1 2
1 1
35 313
2 1
76 161
106 141
1 1
1 1
36 311
4 7
77 71
106 137
1 1
1 1
64 205
4 1
45 38
130 85
1 2
1 1
38 294
5 5
123 73
115 114
1 1
1 1
205 107
2 1
31 89
138 86
1 3
1 1
218 62
1 1
21 27
182 111
1 2
1 1
162 167
3 3
31 126
129 51
1 1
1 1
106 190
1 3
8 91
128 135
1 1
1 1
235 135
2 3
31 15
92 171
1 1
1 1
242 33
2 3
4 25
202 133
1 1
1 1
160 188
1 2
93 181
120 134
1 1
1 1
158 209
4 8
20 74
185 137
1 1
1 1
90 186
4 4
89 38
90 94
1 1
1 1
142 155
3 3
31 64
73 206
1 2
1 1
226 189
2 9
38 28
88 173
1 4
1 1
182 200
3 5
63 11
177 142
1 3
1 1
119 134
1 1
50 8
186 30
1 1
1 1
52 293
2 2
5 10
144 110
1 1
1 1
18 297
2 5
15 158
102 110
1 1
1 1
222 123
4 1
163 106
116 95
1 1
1 1
150 125
4 2
69 28
187 105
1 3
1 1
158 138
1 1
45 44
118 122
1 1
1 1
221 81
2 2
109 23
131 190
1 1
1 1
220 86
4 1
44 4
157 76
1 1
1 1
178 145
2 2
9 9
96 89
1 2
1 1
175 132
2 1
14 2
189 65
1 1
1 1
223 84
6 3
8 4
131 184
1 2
1 1
229 109
2 8
60 11
196 108
1 1
1 1
115 242
2 2
82 66
131 162
1 1
1 1
105 264
6 8
91 58
109 110
1 1
1 1
169 153
1 8
88 11
150 36
1 1
1 1
147 129
1 1
64 91
132 97
1 1
1 1
72 208
1 1
22 15
95 92
1 1
1 1
250 59
1 6
65 6
136 62
1 2
1 1
61 264
2 2
110 36
110 149
1 3
1 1
68 300
1 2
15 12
112 120
1 1
1 1
115 198
3 4
167 52
118 154
1 1
1 1
42 271
1 7
91 36
141 126
1 2
1 1
154 206
3 1
1 75
147 113
1 1
1 1
120 185
3 3
48 17
116 115
1 1
1 1
131 227
1 4
15 69
73 124
1 4
1 1
188 94
2 6
8 127
163 142
1 2
1 1
256 105
3 2
1 7
205 66
1 1
1 1
219 108
2 1
16 11
98 81
1 4
1 1
195 170
6 6
112 44
177 86
1 1
1 1
351 30
6 3
11 29
93 166
1 1
1 1
219 112
4 2
55 79
165 65
1 1
1 1
29 280
2 1
33 22
119 107
1 1
1 1
42 271
2 4
76 72
100 130
1 2
1 1
210 110
1 1
140 49
154 69
1 1
1 1
50 279
3 5
7 19
112 89
1 1
1 1
146 132
3 8
10 85
163 78
1 1
1 1
289 32
2 1
70 30
110 111
1 1
1 1
79 313
2 8
35 49
52 148
1 1
1 1
188 129
2 2
140 63
53 241
1 1
1 1
42 264
1 4
35 223
136 58
1 1
1 1
164 180
2 4
14 54
189 49
1 2
1 1
308 14
2 4
3 101
77 150
1 1
1 1
181 145
6 1
5 144
152 154
1 1
1 1
277 56
3 1
4 21
108 106
1 4
1 1
176 146
4 2
88 74
90 118
1 3
1 1
298 10
4 3
212 71
139 93
1 1
1 1
279 118
3 5
45 3
98 124
1 2
1 1
257 106
2 3
11 8
249 125
1 1
1 1
112 3
7 1
4 35
174 134
1 1
1 1
123 129
2 1
43 69
84 79
1 1
1 1
88 75
6 2
57 25
145 81
1 1
1 1
75 39
2 1
6 2
77 60
1 1
1 1
28 132
6 2
16 39
132 123
1 1
1 1
47 155
3 3
4 5
25 130
1 1
1 1
121 48
1 2
3 9
106 111
1 3
1 1
105 17
1 1
35 32
120 105
1 5
1 1
70 140
1 6
88 117
57 102
1 5
1 1
92 41
6 1
35 11
66 85
1 2
1 1
26 97
2 3
21 63
72 100
1 1
1 1
68 132
1 7
62 66
26 91
1 1
1 1
