0
0
482612
0
912
0
0
766
0
0
0
24
989
0
493138
0
0
0
0
0
1996
979
890
1996
0
0
0
0
1996
0
0
0
0
0
0
0
254507
0
997
2
450646
0
244035
727
0
2043
0
0
0
0
0
0
0
0
0
0
0
0
19929
1996
0
0
0
0
997
0
0
0
0
1994
0
2
0
0
0
0
0
0
0
0
1962
0
0
0
0
3990
493900
0
0
0
0
0
0
3988
0
940
0
0
0
0
0
1996
0
2366
0
1989
0
1996
0
0
0
999
0
480396
497638
651
889
0
0
0
0
0
0
0
0
0
0
846
167
0
0
0
0
0
0
1996
441
1996
0
0
699
5976
0
0
501496
2021
0
3988
1190
0
0
3988
0
0
0
3022
0
0
0
0
0
0
0
0
0
0
0
1996
0
1996
0
0
9
0
0
0
0
0
0
7
784
1403
0
0
248166
224809
0
3988
1606
499926
23
2061
0
0
1996
0
0
0
241763
0
784
0
0
0
0
0
0
11926
1996
0
3990
0
0
0
0
393
0
0
245298
0
7970
3988
858
0
0
0
0
0
0
5976
0
0
244073
0
0
0
0
130
2027
0
2116
3988
1996
0
0
1996
0
0
991
0
497594
3988
0
0
0
0
25
0
0
0
0
0
1996
0
0
0
2590
552
0
0
0
0
0
0
0
680
0
1996
0
0
0
244523
0
0
961
0
0
1061
0
997
0
2711
6659
0
0
0
30
0
0
0
2645
0
0
1996
0
0
0
0
0
0
0
3988
0
0
0
0
0
0
0
1996
0
0
974
0
0
1739
4
0
0
5976
847
479259
0
0
0
1996
6781
1672
0
805
5976
0
0
0
0
0
1996
1996
1996
0
0
0
0
488776
0
1996
0
0
997
0
928
5980
0
225454
492060
498867
0
0
5980
0
0
0
4
0
227989
0
1996
1996
0
0
0
490680
0
0
0
323567
5142
1996
0
1996
5977
0
0
13918
0
0
0
0
0
558
0
0
0
0
0
0
0
3966
0
0
0
867
3350
1996
0
0
0
0
0
0
463391
0
0
0
0
0
0
1996
0
494488
0
0
1316
0
0
0
0
1996
0
0
0
0
0
1996
0
0
0
0
1990
1996
0
2694
0
0
0
0
494100
1996
0
0
812
1996
0
0
0
0
0
0
0
0
0
466980
3988
0
0
1996
2163
0
0
0
0
0
0
0
0
1996
3990
0
167
0
5976
0
0
0
243188
0
0
0
0
0
0
247398
0
0
0
1996
119
0
0
497988
0
0
0
37
30
1996
0
0
871
246794
236779
0
0
0
0
0
0
0
0
0
0
2081
3520
3990
3988
0
0
0
0
0
1996
481516
0
13868
0
0
243672
0
0
0
0
0
0
0
0
0
786
0
1996
1482
243672
0
0
0
261150
1996
0
0
0
37
0
0
0
0
0
1996
1996
0
0
0
0
997
3988
0
0
0
0
0
0
0
0
0
0
0
0
0
2604
0
1996
0
0
0
0
0
0
630
0
2519
0
0
1996
0
1996
0
0
0
1996
0
0
1228
0
0
0
0
0
450016
0
0
1996
0
225235
962
2
493006
5795
0
833
4770
0
0
0
471856
0
0
0
0
7970
2004
0
483743
0
0
0
0
0
2643
0
1996
0
0
0
0
2126
0
997
247377
0
1996
0
0
0
28
0
0
0
0
498846
0
0
0
9568
5976
0
0
0
0
0
1996
494676
0
0
0
0
253360
0
0
98
495494
0
0
2810
225271
0
0
0
1996
0
0
0
11826
0
0
1996
0
0
0
0
0
494860
1996
0
2378
0
0
3988
503968
0
7966
3988
1996
90
252499
0
762
0
0
0
0
0
0
0
0
0
3988
1996
0
0
0
0
5980
0
0
0
0
0
0
0
0
0
0
0
848
0
0
0
0
876
964
0
3984
0
0
0
457238
0
0
0
0
487296
0
0
1996
0
0
0
79
0
0
5198
1996
0
0
0
0
249112
0
491358
0
0
0
0
0
464418
0
0
0
0
496762
0
499505
777
246476
0
0
0
1996
1996
489340
443547
1996
0
3988
0
0
1996
0
0
53
0
0
0
1990
0
0
242890
0
242362
487900
659
0
237016
0
2508
0
0
102
0
0
0
468500
0
0
0
0
0
0
3988
0
0
0
0
824
0
0
238306
0
0
493500
0
0
192
0
0
3988
0
0
1994
0
0
3986
3990
0
0
0
0
6361
0
683
0
3168
0
483688
498888
0
1908
0
0
1996
7968
965
0
246208
0
449388
1996
1996
0
1996
1996
0
0
494296
0
0
0
4
0
0
0
0
0
0
0
496620
1996
0
0
1996
1996
0
0
0
0
1996
0
0
1996
44
0
0
0
0
0
3
469122
9
751
0
0
1996
0
439161
0
479778
0
0
0
0
0
497376
0
0
0
244035
493004
1996
0
1996
493488
434563
0
0
254
419730
0
2101
0
0
2823
0
0
0
0
1996
1996
0
0
0
0
0
0
0
0
0
0
0
3988
1996
0
22
