23
78
30
1
1
39
1
1
1
2
3
1
41
1
2
1
1
67
1
8
111
92
1
34
1
1
123
28
1
1
1
104
112
1
3
2
6
58
97
1
53
116
4
54
2
2
1
92
4
44
1
77
127
26
1
105
1
1
27
101
3
3
2
3
13
198
109
1
1
1
143
132
1
1
125
3
1
2
22
144
1
3
7
1
33
28
94
42
2
4
2
1
121
1
1
1
1
26
1
1
1
108
1
134
16
4
2
80
93
2
1
2
2
142
1
3
1
12
1
29
1
1
1
56
1
1
41
96
4
63
1
2
91
2
1
1
85
1
2
1
1
138
1
76
37
39
109
2
1
20
4
1
102
2
40
3
21
2
62
42
1
1
99
72
1
14
109
1
1
2
106
177
1
91
222
2
1
2
2
88
44
3
1
3
102
66
79
139
1
1
1
93
1
3
71
1
48
3
1
1
40
2
88
2
2
1
1
105
1
1
47
35
1
1
112
68
4
100
2
23
62
54
2
8
90
1
44
1
63
38
43
37
20
1
123
145
16
1
33
1
86
3
2
3
1
40
5
79
20
2
87
6
114
138
80
25
34
105
1
60
1
40
29
1
39
99
1
3
1
4
100
2
5
3
34
1
12
32
100
2
2
1
6
3
1
9
1
3
78
2
2
38
154
2
66
2
1
140
1
4
1
2
79
19
89
1
1
144
1
146
1
106
119
3
1
1
37
1
66
100
1
3
56
2
2
2
1
97
4
139
1
112
4
82
117
154
3
43
1
1
1
48
87
3
21
3
2
2
1
1
1
23
1
2
1
1
128
18
94
100
81
2
1
1
1
46
123
26
3
58
3
19
81
43
3
2
1
1
137
1
105
193
2
1
1
133
2
60
1
2
87
2
1
2
2
3
1
1
2
1
1
1
1
1
4
1
12
1
112
85
55
32
89
1
1
1
1
108
1
143
1
105
140
49
69
60
115
1
1
1
6
1
1
18
1
41
53
61
1
1
1
2
82
3
65
1
1
128
3
2
1
1
1
52
1
1
2
1
1
1
1
1
52
96
1
1
1
10
1
1
3
1
106
1
14
3
124
1
34
1
1
4
153
25
93
2
35
1
57
1
4
3
1
3
36
61
1
6
124
2
113
67
80
128
3
46
3
1
3
1
44
14
1
1
185
76
1
52
2
1
74
1
4
49
1
67
61
1
4
1
45
1
23
1
1
4
41
127
1
2
158
1
114
1
21
3
162
1
78
1
75
1
1
1
115
1
22
1
2
41
1
101
93
9
3
1
1
50
25
1
1
1
3
18
3
1
76
138
60
144
18
119
2
4
1
93
1
3
1
1
8
3
40
3
3
109
3
26
7
2
2
42
117
126
29
1
3
58
12
122
91
1
3
1
1
1
1
4
3
3
2
83
95
1
2
1
5
1
1
1
3
1
1
1
92
40
1
1
110
124
43
3
1
1
62
50
21
97
2
4
30
1
2
1
28
1
2
80
12
2
1
2
4
1
1
1
37
26
1
62
48
1
49
1
143
97
13
51
1
2
148
43
142
1
1
151
2
27
96
2
5
155
2
25
2
2
1
1
100
75
1
1
10
104
2
41
1
2
1
1
11
4
1
15
1
92
1
4
5
83
26
4
1
1
19
3
4
71
20
4
85
150
134
2
1
1
40
1
2
114
3
51
29
4
10
40
99
1
2
67
1
18
88
1
89
4
1
2
1
31
2
1
98
1
1
1
27
55
1
2
36
1
1
26
145
3
100
32
1
3
1
47
5
1
3
1
1
10
13
1
144
48
161
137
4
1
1
1
1
2
2
70
100
149
2
32
116
1
54
5
1
1
4
1
1
1
1
70
60
45
21
19
82
66
15
1
1
80
1
1
1
1
1
13
2
54
1
97
1
3
129
107
1
50
1
1
1
17
112
161
155
35
3
4
1
87
1
104
74
86
50
90
1
1
1
102
89
124
2
119
2
4
2
2
13
2
1
40
1
151
1
46
1
54
75
2
2
1
4
2
2
1
1
1
104
1
38
1
144
1
3
3
1
2
1
1
1
19
3
1
3
49
1
12
137
29
2
1
2
3
1
1
1
61
1
1
43
2
151
2
17
1
62
1
3
2
1
38
172
4
2
1
1
1
21
1
1
215
1
1
2
113
2
7
80
1
69
2
47
1
1
1
3
148
2
48
1
4
61
11
55
21
1
3
1
2
1
1
1
155
1
2
1
3
1
29
2
1
3
104
1
1
1
1
1
2
2
1
54
2
