0 1
0 1
1 1
0 1
22022023 2
24024025 2
0 1
0 1
1 2
0 1
0 1
1 2
0 1
0 1
0 1
62832387675153 125000000
0 1
138306709 500000000
1261295441 1000000000
61189821 250000000
1634598724904021 1000000000
62395729 200000000
1740127 10000000
1978660531 1000000000
170926429 250000000
216913860474913 200000000
1 2
27059757 1000000000
179049519 100000000
257309547 500000000
36282891161313 250000000
1 2
7062471 10000000
91325293 50000000
65425141 125000000
504336063588293 200000000
374040707 1000000000
372292009 500000000
1078965491 1000000000
72668149 100000000
119118024728081 1000000000
0 1
850208331 1000000000
1637154211 1000000000
16792397 250000000
50777215891969 500000000
0 1
796933029 1000000000
1079689529 1000000000
226091597 500000000
28886238909419 500000000
0 1
11126759 100000000
1859964311 1000000000
380669911 1000000000
11264264047731071 1000000000
1 2
72233027 125000000
60534471 50000000
518064319 1000000000
283501847397491 50000000
1 2
17070223 50000000
424441269 250000000
23712853 31250000
1806182121 3200
0 1
29162679 40000000
652960217 500000000
62603663 200000000
25687139988409 62500000
1 2
183975793 500000000
227424903 200000000
148632001 1000000000
5617040001533 40000000
119119119 1000000000
211646673 500000000
693051637 500000000
695447831 1000000000
1140261727391 25000000
0 1
57092617 100000000
119440879 100000000
17126067 50000000
35349082524249 100000000
0 1
496593107 1000000000
43966051 40000000
190027687 250000000
115568118911497 125000000
289289289 1000000000
216273869 1000000000
72762891 40000000
889757 40000000
125086253827489 250000000
133133133 1000000000
358057269 500000000
514080651 500000000
535755833 1000000000
8607560012759 500000000
1 2
262756597 1000000000
55262953 31250000
825121941 1000000000
186260536599999 200000000
279279279 1000000000
923288843 1000000000
1641754357 1000000000
22660791 40000000
14496929762559 40000000
0 1
56669249 125000000
852851 500000
576719 1953125
131878216640219 500000000
0 1
54937293 250000000
1990595249 1000000000
4960923 100000000
46857689988599 1000000000
121121121 1000000000
956099781 1000000000
260381499 200000000
20287579 200000000
696604234735907 1000000000
0 1
243851919 250000000
214849389 200000000
33316109 200000000
1360550823965899 1000000000
0 1
18804557 20000000
1276592831 1000000000
88426557 200000000
24498590045469 31250000
0 1
937688597 1000000000
342102177 200000000
37171189 125000000
71562862015043 100000000
1 2
115470451 125000000
99321277 62500000
4198869 8000000
1387883683196797 1000000000
1 2
25408427 500000000
1212174711 1000000000
175192259 200000000
23235737576251 200000000
1 2
68650119 1000000000
662510223 500000000
344254331 1000000000
88324626316491 1000000000
0 1
721767383 1000000000
333759251 200000000
91471787 125000000
51611240599539 500000000
0 1
413090191 1000000000
795062467 500000000
132766619 500000000
33459468599521 1000000000
448114781 1000000000
3522577 20000000
1605571961 1000000000
878238033 1000000000
1549865600377513 1000000000
0 1
79797333 200000000
33277029 25000000
27349763 100000000
95158084036591 1000000000
1 2
169620677 500000000
35387811 25000000
79395879 100000000
3946026313447 31250000
401401401 1000000000
119962651 200000000
7498673 6250000
71001037 500000000
348844040695873 250000000
0 1
330507427 1000000000
1604172709 1000000000
840976549 1000000000
635464213563449 1000000000
1 2
857608839 1000000000
13050449 12500000
177329613 250000000
15309849120797 1000000000
0 1
47565701 100000000
11315799 8000000
13986603 50000000
144186237527843 1000000000
220553887 1000000000
673596517 1000000000
363108791 200000000
72266973 200000000
67533739229479 1000000000
0 1
789740441 1000000000
15271733 10000000
65400167 125000000
31494790666333 200000000
231231231 1000000000
147946717 500000000
940452787 500000000
9883119 10000000
11761661265961 25000000
0 1
1395883 4000000
1703694393 1000000000
349428501 1000000000
7689146183079 25000000
0 1
190321737 250000000
384711687 200000000
6776237 20000000
30014353051851 200000000
0 1
320284971 500000000
1126516263 1000000000
164591239 250000000
5602253467533 100000000
0 1
177022679 250000000
408917991 250000000
98645203 200000000
12016314487749 12500000
153153153 1000000000
613994677 1000000000
73835067 40000000
98210487 200000000
67500992257249 200000000
418084751 1000000000
111646999 1000000000
1417483447 1000000000
15999853 100000000
165648379395851 200000000
1 2
9670189 20000000
1290819243 1000000000
14818291 20000000
67417280166791 50000000
329329329 1000000000
6240417 20000000
1509226227 1000000000
203739211 1000000000
113112067976797 500000000
47714381 200000000
55771749 200000000
228201537 200000000
122083757 500000000
6956107504529 100000000
0 1
822096907 1000000000
893425889 500000000
133635579 200000000
123370928423 1600000
1 2
105499079 200000000
292004547 200000000
250962091 1000000000
1363119627669 50000000
1 2
41737877 250000000
475361741 250000000
675458069 1000000000
1810508962519 6250000
280613947 1000000000
463483349 500000000
1556497839 1000000000
477491 5000000
20259864162093 50000000
0 1
375296211 500000000
1236393391 1000000000
452820111 500000000
165139319921977 250000000
250583917 1000000000
37094189 125000000
174919297 125000000
979285403 1000000000
324805882178981 1000000000
0 1
69911281 200000000
384185297 200000000
15594459 15625000
26236282917599 40000000
0 1
21146901 25000000
143478417 100000000
5066429 10000000
1098785091107 200000000
0 1
46959719 100000000
75454241 40000000
208264421 1000000000
277768791969319 1000000000
1 2
99832789 1000000000
1454159173 1000000000
41486217 125000000
4242517241087 20000000
0 1
4766851 20000000
263088833 200000000
226750923 250000000
19419059550271 200000000
1 2
95023519 100000000
34803401 25000000
1752839 8000000
725507206543691 500000000
1 2
123980259 1000000000
328155763 200000000
1205239 2000000
73755638898803 200000000
1 2
1647171 3906250
1413271511 1000000000
136064771 200000000
60301244695197 250000000
0 1
23069553 125000000
1077039129 1000000000
76422409 100000000
344685298522469 40000000
0 1
9530309 25000000
1840124867 1000000000
429169981 500000000
219339733205567 40000000
1 2
483356241 500000000
1862426107 1000000000
1084993 40000000
1374905318612931 1000000000
0 1
337221159 500000000
334386077 250000000
237741219 250000000
293006964395593 1000000000
0 1
4673797 10000000
9658061 5000000
83869789 250000000
172207172678019 1000000000
204537871 1000000000
30285717 62500000
126596891 125000000
871710609 1000000000
101786412863487 1000000000
0 1
1476983 1600000
398766041 200000000
27238177 125000000
687638843171613 1000000000
0 1
99383669 1000000000
1780135869 1000000000
13813663 100000000
725916277986243 1000000000
1 2
969069837 1000000000
244571759 200000000
325657681 1000000000
429865400420471 1000000000
0 1
144079299 200000000
699921651 500000000
107977501 250000000
244802483206417 1000000000
0 1
188673081 1000000000
1023053589 1000000000
130280511 200000000
76676447528691 1000000000
461461461 1000000000
194953929 250000000
1418716163 1000000000
17155949 100000000
89462387744373 1000000000
100433767 1000000000
116263093 1000000000
1860316117 1000000000
56152179 1000000000
568869131220063 1000000000
0 1
69021509 500000000
468092499 250000000
13980431 200000000
4448748901983 40000000
0 1
808896059 1000000000
72787091 50000000
150761571 200000000
126816523875171 200000000
0 1
117656607 500000000
919742361 500000000
136126571 200000000
26100664333339 62500000
0 1
156334573 250000000
1794776723 1000000000
723343479 1000000000
64164744399057 1000000000
396062729 1000000000
136687731 1000000000
1139363139 1000000000
986100749 1000000000
346797125868941 1000000000
0 1
137953511 200000000
204959369 125000000
12349957 12500000
70138250990743 25000000
398064731 1000000000
98706043 125000000
1357452903 1000000000
28535067 200000000
12003626760213 50000000
1 2
362047481 500000000
38215921 25000000
33553499 200000000
18553311881993 40000000
413413413 1000000000
466192403 500000000
1476150627 1000000000
78928179 200000000
816008633919 3125000
14347681 40000000
10233729 200000000
1412196889 1000000000
58446211 200000000
62727990828961 100000000
0 1
39050957 40000000
11323533 8000000
16119039 50000000
2476262834167 6250000
1 2
3191289 12500000
1966691787 1000000000
325165789 1000000000
4882654039891837 1000000000
372706039 1000000000
130379809 500000000
140986981 125000000
463138841 500000000
4763146196591611 1000000000
0 1
356670609 1000000000
321763753 250000000
359874693 500000000
26708900630461 100000000
0 1
184395789 250000000
306813691 250000000
53030531 1000000000
63624900890587 500000000
0 1
12280033 40000000
300969311 200000000
154803459 200000000
2232280225644587 1000000000
119119119 200000000
13763697 40000000
9768083 5000000
38249283 500000000
159709005988657 200000000
0 1
15719119 50000000
1980130961 1000000000
23718003 40000000
377594908159 31250000
84417751 200000000
1044281 40000000
1537860079 1000000000
661632589 1000000000
636773388039 500000000
0 1
625044123 1000000000
1311563999 1000000000
149298081 500000000
236749567430593 1000000000
1 2
377079719 500000000
1911551583 1000000000
529243763 1000000000
23630509385701 8000000
1 2
96143357 250000000
1665039517 1000000000
87329067 125000000
237231916038011 1000000000
0 1
126394221 500000000
50183331 40000000
14880091 25000000
21388954321357 500000000
0 1
2768483 200000000
1509683817 1000000000
19872299 20000000
6216006836271 12500000
1 2
172128123 500000000
453706551 250000000
522069017 1000000000
1524598340949 6250000
0 1
38817181 1000000000
937131393 500000000
262803283 500000000
4884021046879 50000000
1 2
102979079 125000000
192794309 125000000
644081327 1000000000
1907748589763977 500000000
165832499 1000000000
27971313 50000000
874901649 500000000
258232397 1000000000
1157228876685097 1000000000
0 1
63139157 250000000
736161981 500000000
12133189 250000000
57850161553431 25000000
0 1
160407601 250000000
928634017 500000000
26674521 40000000
1190941988239921 250000000
0 1
385368249 1000000000
4908683 4000000
96812119 125000000
339367728076341 1000000000
0 1
22398493 125000000
1476564043 1000000000
28867993 250000000
515822734797861 1000000000
1 2
203628093 1000000000
1976412397 1000000000
63948357 250000000
11650658052787 200000000
0 1
41676689 200000000
15351647 8000000
78727389 100000000
183090027529617 1000000000
224557891 1000000000
42189731 50000000
1799326917 1000000000
87521691 125000000
8017096174893 50000000
0 1
50195469 200000000
22686113 20000000
27715271 200000000
2003360119419639 500000000
133800467 1000000000
63656437 100000000
252107211 200000000
22300859 100000000
659912828056679 1000000000
0 1
6547593 40000000
182725353 100000000
24497497 100000000
55348541258369 200000000
1 2
723808537 1000000000
1356863797 1000000000
418879611 500000000
2741080935129 10000000
20353687 200000000
332032819 500000000
1616190487 1000000000
54017621 250000000
300218539840019 250000000
233233233 1000000000
709704497 1000000000
399407777 200000000
439416901 1000000000
95869510329747 200000000
104437771 200000000
963721951 1000000000
1434074331 1000000000
655617397 1000000000
145410595612333 1000000000
0 1
862613 8000000
14289417 12500000
15378783 50000000
359295527187361 1000000000
0 1
39173867 40000000
536176677 500000000
497942969 500000000
37488141536707 250000000
1 2
476079 8000000
702870973 500000000
227331 1000000
52193149976097 250000000
0 1
48994549 250000000
1810734951 1000000000
248370621 500000000
742572281476079 1000000000
508174841 1000000000
766597009 1000000000
313466663 200000000
3724713 50000000
3167776690833177 1000000000
0 1
22665721 250000000
42990623 40000000
47280419 200000000
158456037135413 1000000000
0 1
264418603 1000000000
1489649447 1000000000
5956139 500000000
43382405730817 200000000
0 1
78823749 100000000
1417633943 1000000000
924698829 1000000000
76150964876149 1000000000
630296963 1000000000
24478199 50000000
1433382811 1000000000
129233 1600000
5061062627553 31250000
371371371 1000000000
2801717 8000000
1000199493 1000000000
399432381 500000000
20332006781213 250000000
0 1
187383843 500000000
637752279 500000000
9927831 20000000
7156559238419 50000000
0 1
104893611 500000000
1751108857 1000000000
3110323 20000000
1292501945272267 500000000
0 1
361632443 1000000000
1187265427 1000000000
74141713 100000000
33289364893983 40000000
93093093 200000000
28518687 50000000
1176479597 1000000000
5216577 100000000
243874735077501 200000000
0 1
6999739 40000000
5609509 5000000
270285387 500000000
162956940761583 1000000000
0 1
623379503 1000000000
234810431 125000000
53262899 500000000
429583001685717 500000000
1 2
453175419 500000000
187149533 125000000
14027311 200000000
2195432200689 1000000000
0 1
7884229 8000000
934503801 500000000
389864309 1000000000
3309770064183 250000000
134467801 1000000000
17124319 100000000
39581623 25000000
979606553 1000000000
158892117635453 500000000
297964631 1000000000
130684797 200000000
523069627 500000000
75374629 500000000
60944519765729 1000000000
1 2
3369247 5000000
1377134013 1000000000
120116313 250000000
360038073075679 1000000000
0 1
63603353 250000000
436412089 250000000
227835207 500000000
49867254243399 40000000
0 1
13693187 62500000
1048700151 1000000000
91654643 1000000000
46706584408921 62500000
0 1
198971257 200000000
1994483409 1000000000
495123601 1000000000
403225617385611 1000000000
550884217 1000000000
107834123 1000000000
268654093 250000000
168714821 500000000
324801024658607 1000000000
275942609 1000000000
3317471 20000000
64273427 40000000
32841001 40000000
18020300552179 125000000
0 1
294110891 1000000000
1557088659 1000000000
714374793 1000000000
36728697940779 250000000
0 1
503425601 1000000000
201292421 200000000
456264757 1000000000
14509121595159 40000000
0 1
841670799 1000000000
475161 250000
299366139 1000000000
823724959040301 1000000000
1 2
93174991 500000000
116561051 100000000
3875929 10000000
128425030395953 1000000000
0 1
75096847 100000000
726976613 500000000
58492349 250000000
278780355553201 1000000000
1 2
32708161 125000000
1413837249 1000000000
51853473 100000000
67593021534457 1000000000
289289289 1000000000
249638379 1000000000
311702781 200000000
3817123 20000000
5370874951140141 1000000000
0 1
69259277 500000000
213002619 200000000
612525707 1000000000
129728162157083 1000000000
1 2
409396127 500000000
141796913 100000000
69699509 200000000
16796403819733 125000000
0 1
924381269 1000000000
1917527483 1000000000
2609017 4000000
2706661072689 40000000
1 2
230858151 250000000
10504921 6250000
79654233 100000000
718420817770791 250000000
0 1
686930169 1000000000
835176533 500000000
94001259 1000000000
34183566696949 250000000
1 2
478153677 1000000000
443631597 250000000
112215791 125000000
24481311378553 1000000000
0 1
96618363 200000000
26350347 20000000
319271829 500000000
186964065026977 1000000000
1 2
28717511 250000000
343382199 200000000
144277163 200000000
141452034761873 250000000
1 2
58282371 1000000000
1880459311 1000000000
246885683 1000000000
22935290159083 250000000
1 2
962236403 1000000000
361526667 200000000
33490533 125000000
258666438589 1600000
0 1
44248471 250000000
1681129253 1000000000
74454101 125000000
20615174906199 500000000
0 1
786329809 1000000000
1798128611 1000000000
144395081 500000000
38390102391821 100000000
0 1
324359331 1000000000
240246451 125000000
151766499 200000000
207471880227 40000000
0 1
172442947 250000000
1201804267 1000000000
259109863 500000000
64380289753239 500000000
1 2
3765281 125000000
1497837723 1000000000
36793 12500000
15102372350209 100000000
1 2
391449 100000000
225301307 200000000
32660617 50000000
19409862930153 250000000
0 1
10205917 1000000000
426082103 250000000
20442473 50000000
157213592451949 100000000
0 1
275443081 1000000000
118851247 100000000
721069353 1000000000
5717347702895169 1000000000
0 1
88903427 1000000000
281237213 200000000
110438607 125000000
542541887753 1000000
0 1
13820931 125000000
1363562959 1000000000
10573031 1000000000
4063557296687 15625000
0 1
585695929 1000000000
1082194361 1000000000
300943803 500000000
59581292426443 1000000000
0 1
90620303 125000000
1211062623 1000000000
21589167 25000000
26929143580839 1000000000
0 1
310842911 1000000000
1615395157 1000000000
100076579 200000000
484743742001763 1000000000
0 1
418994009 1000000000
1848621489 1000000000
42298581 100000000
511417836657 1562500
0 1
5605429 40000000
1675535893 1000000000
152060141 200000000
618462394875103 1000000000
1 2
411325867 500000000
14837431 10000000
736454719 1000000000
122922271837607 62500000
0 1
12782521 100000000
1859107217 1000000000
900021 3906250
475993192405679 500000000
0 1
46593287 100000000
306382729 200000000
149803031 500000000
228197951242541 1000000000
1 2
5394587 62500000
34872799 20000000
2732377 10000000
36011605543189 250000000
14347681 40000000
1311587 4000000
799105371 500000000
90400849 250000000
304593013372403 1000000000
1 2
69101451 500000000
6241629 4000000
230920927 250000000
21557565684361 62500000
404738071 1000000000
73773159 125000000
86225037 62500000
95466517 100000000
112821564815289 500000000
0 1
268160473 500000000
1691133329 1000000000
360487401 500000000
6041031486635221 1000000000
0 1
31684271 100000000
181609159 100000000
339227 10000000
7666250660897 50000000
279946613 1000000000
36767749 50000000
330448709 200000000
44767289 100000000
961238087489 5000000
0 1
160280133 200000000
1527856631 1000000000
152401071 200000000
44383312791479 200000000
0 1
88713557 200000000
1670952709 1000000000
12430669 12500000
34082518041 160000
1 2
428439139 1000000000
1014624381 1000000000
682514241 1000000000
9464274073811 40000000
0 1
80849647 200000000
685029643 500000000
764783 40000000
52282983906893 200000000
0 1
433822557 1000000000
1652155323 1000000000
855315073 1000000000
39746172139719 50000000
0 1
450863813 500000000
666556231 500000000
92520101 100000000
287576673487797 1000000000
72405739 200000000
183969299 200000000
880306813 500000000
300934913 500000000
5349797065323 250000000
386052719 1000000000
748003467 1000000000
1090840559 1000000000
39483151 62500000
9406091939460983 1000000000
1 2
17619907 250000000
1611043319 1000000000
31560657 1000000000
73292484539391 500000000
424758091 1000000000
143281767 200000000
1803760821 1000000000
261152603 1000000000
186031640667703 1000000000
152485819 1000000000
23067821 500000000
749858013 500000000
415646727 1000000000
