1898
641
639
200
1680
28
949
1548
279
1038
262
606
1263
1510
412
778
1364
640
883
222
1151
988
746
304
611
1791
1632
1345
1004
1643
1602
1507
1584
929
1723
1406
395
1393
1365
1462
763
1542
1137
1141
1087
236
1960
1674
385
1730
1199
691
1661
745
647
92
838
1694
454
1961
1377
1402
1871
936
981
1759
1313
1889
1416
34
1372
1276
549
1595
1985
205
1587
363
562
1620
971
1430
588
598
1361
837
1174
72
106
1445
1767
977
1354
702
1367
741
1930
1422
1670
889
1677
1588
1029
991
9
1334
1011
356
1859
1852
1609
1188
1571
1793
1075
637
1957
545
1021
22
261
1715
1866
239
1112
1056
1360
1164
44
1787
225
86
1570
1619
1505
485
1551
904
298
721
177
1916
1239
423
1203
141
906
1001
1484
1153
1058
622
145
1404
1744
1031
463
621
1755
190
251
360
67
224
121
708
1932
701
1625
218
1573
628
1727
295
1210
651
335
590
1554
818
709
610
1438
234
1689
666
1279
515
388
1780
1738
45
491
272
82
1049
858
1041
334
342
813
918
584
777
125
1617
1229
1880
214
873
285
217
681
1163
109
964
1308
887
1569
12
1067
179
505
1783
1456
1134
327
1590
662
13
213
1736
128
1495
542
1143
531
767
1450
1512
546
59
1018
1068
300
1666
1845
612
1622
1034
69
932
70
1209
1566
967
1970
1825
425
375
207
634
1464
1597
965
1583
755
1719
495
571
1886
1953
1161
1497
1943
1024
869
993
144
419
528
557
5
879
364
1109
1921
468
1374
1320
1419
38
6
1284
202
52
541
626
1983
900
1096
756
1305
1526
1213
1386
560
1114
1455
1864
1714
1982
594
98
772
1271
526
902
142
1820
246
391
428
369
156
171
703
321
1169
1411
1185
539
1076
834
835
521
1451
1222
1534
806
597
753
1378
781
765
996
1860
532
779
1541
78
1254
488
519
600
794
1306
804
1221
1477
930
1044
863
250
197
941
1483
1449
1277
1297
1047
1779
886
789
729
1158
876
136
1771
520
718
464
1261
1710
260
151
866
400
424
1243
1673
1987
766
1928
1972
36
1167
16
160
901
271
180
1095
854
1641
185
367
1344
368
1160
154
1692
1543
1227
1801
867
635
1861
103
1751
1899
299
1521
1884
617
1550
435
231
97
1555
852
220
744
1016
245
554
1231
149
1207
1453
1765
309
1469
1939
372
1679
350
750
791
507
1285
114
524
386
1184
1020
85
1290
1237
1045
1724
987
1010
992
1682
1684
1405
150
1244
1409
1942
434
518
1442
296
1085
1070
1733
771
1328
1774
124
483
1025
20
893
1315
1634
1052
1400
700
1147
1262
1022
1501
1888
982
774
113
1665
51
1060
1117
688
1154
60
346
118
410
1348
409
325
1897
1211
1966
1467
1173
308
445
1452
1186
963
494
1663
1974
1326
1194
1933
1544
61
1869
1003
478
459
1853
1879
757
201
1390
616
934
536
1131
1545
978
100
1785
33
1945
188
773
1260
1097
1351
525
404
1874
592
1255
1528
960
398
1645
1635
1802
376
199
432
775
1829
726
1654
1059
1610
1924
973
1412
319
1504
476
1603
170
127
1474
882
338
1788
1704
227
1490
1925
856
1910
1540
1658
636
339
484
1511
802
15
1204
1592
1473
1303
547
450
1065
1107
1028
119
848
811
1527
596
1752
827
1189
650
456
1448
101
91
1547
229
39
1636
1322
30
742
1806
1858
607
875
1302
1172
292
1642
1224
465
938
638
1046
1152
1434
1241
1967
1819
143
692
1742
961
324
1252
196
648
333
1488
1149
1355
1514
530
1103
1518
1240
1066
212
865
1353
1026
276
1700
770
1876
724
1195
1196
241
55
1761
706
104
1978
1984
1821
601
1929
940
1789
1833
1937
643
1311
331
783
1582
499
1995
1053
1491
1918
609
8
305
537
1873
497
795
1341
1958
1838
79
332
921
80
1180
1431
1089
1753
812
175
1236
660
686
728
1553
1882
139
429
1708
1208
1695
751
1362
796
1923
1216
512
117
931
504
366
1159
1120
287
181
1259
111
1681
1890
275
1423
943
1054
1476
1786
633
1035
18
223
490
1273
1272
649
1339
1266
574
1651
587
286
344
1561
3
1376
268
84
396
1650
1917
1105
1837
923
1499
174
1718
581
878
1471
379
348
1099
630
1251
76
603
1964
41
1556
58
1546
853
915
959
944
204
1071
373
1580
1565
629
1298
841
824
699
1568
1357
377
1307
1712
1508
1193
1626
1687
657
248
1552
168
990
1637
208
1778
1340
290
1332
393
1696
529
623
1389
673
1735
860
62
1399
1506
1009
523
1669
579
849
1090
1586
1883
955
307
1612
120
1952
555
1627
572
832
1623
500
1538
235
559
477
1604
684
1936
1849
242
361
1848
716
1329
658
1318
1949
312
553
1807
1822
89
1433
927
1827
1019
919
1379
1027
493
215
1281
392
1156
975
510
1798
514
206
147
576
1150
25
362
1895
1165
1536
451
1631
433
1502
582
1811
1267
829
1466
1672
1168
1832
140
1839
1535
402
254
247
655
313
68
912
1493
1489
230
1675
1935
47
843
805
903
265
1401
877
46
870
110
1903
317
466
1460
17
1123
922
671
952
947
1127
672
1104
1392
447
1346
591
1652
280
1601
1062
722
1857
1470
1931
2
1077
42
1533
675
1539
88
475
1083
448
166
1828
891
846
1685
226
788
1132
950
157
1072
452
1215
645
306
885
1015
1373
1810
1901
11
1248
1258
937
65
1078
627
1660
1458
615
351
163
1875
310
1220
75
1881
1283
1577
1792
1563
1633
822
1572
689
1086
1644
577
1249
1465
253
680
972
567
53
1398
801
1913
1005
378
631
1410
1659
203
122
1993
1187
390
1043
1956
430
1557
1656
135
1232
1671
238
1291
661
1480
713
844
138
1082
1599
1562
420
1286
516
1629
1319
1370
786
1711
95
1198
374
595
1275
1737
1640
405
1342
1475
481
1287
133
665
1265
568
282
1638
183
345
1941
884
664
550
945
148
471
1520
1615
155
289
836
652
1106
71
862
1294
1756
492
1683
1428
1500
859
966
1441
1702
563
1594
96
1293
685
49
1621
762
1358
552
1324
1269
1144
1646
855
780
561
1427
1968
159
758
605
1289
35
1317
1119
401
381
264
1947
974
1323
1844
1050
1352
1446
421
132
1485
1157
256
1486
1111
997
1130
924
544
502
1347
431
620
278
578
1630
980
1498
917
1834
340
1862
1835
1233
1919
1979
704
1909
1425
1314
1529
570
1977
548
1559
489
979
1760
1772
895
1996
1304
602
1042
956
1118
21
1920
1851
1321
1382
1175
509
589
1336
1608
29
1954
513
1870
1178
387
1033
674
1192
910
533
817
1818
760
1008
40
1447
1911
948
74
784
1384
1135
173
1841
467
1790
1309
418
1316
255
1125
1596
1084
926
1865
1136
1338
31
749
1395
1564
787
1575
1516
267
575
314
427
1591
1061
1432
384
1278
1739
697
1831
470
1368
269
693
1726
1292
329
1776
776
322
868
1809
302
1611
1223
1764
244
747
1037
1421
719
847
1878
890
167
677
1887
4
761
1717
479
1312
754
1032
1600
365
211
1170
397
1190
935
252
769
1413
1905
1094
243
764
1513
679
1940
842
437
1892
1177
1628
1230
1745
1080
112
1891
522
1122
1741
958
1613
323
1487
1197
694
569
487
618
710
624
1854
1214
1962
727
1657
1081
1576
14
1375
735
668
449
1201
1176
1036
659
455
683
707
1648
1522
237
1991
953
939
1040
888
825
566
503
380
1205
839
195
1396
1414
1274
740
1282
1397
1017
793
798
1904
1113
1655
443
1463
1300
233
1171
1902
134
894
1350
698
54
326
1327
1183
182
1662
1804
1247
1088
1403
1823
94
732
1885
1264
551
1709
221
1532
1454
1725
1420
1824
1803
232
162
739
411
7
1605
714
1986
1944
1218
1777
444
1253
414
389
1618
1138
266
1706
737
1179
743
1494
498
1202
933
263
1701
800
77
413
1990
676
480
93
909
1558
748
274
828
438
1155
311
32
1574
358
874
1531
1369
23
10
857
1907
257
508
194
799
1371
540
116
830
1969
1678
1775
790
1773
209
517
1407
169
1337
90
1754
1593
1000
343
1057
1242
1720
81
1805
210
586
126
916
1457
907
328
1069
1310
1992
535
501
184
968
294
1074
1946
826
899
1440
153
730
1691
1647
1519
297
131
1226
723
240
37
1746
962
56
1747
460
1989
357
1606
942
1912
1690
1048
259
1280
1391
330
872
850
1846
1579
1181
1698
1843
1766
1079
782
496
1436
1732
810
1523
1922
355
1585
1330
696
281
1459
27
785
284
1782
1478
48
1749
1525
415
165
969
1182
803
1191
1055
50
565
999
1129
819
1366
920
1206
303
1713
1270
1492
580
1234
469
1817
371
1380
734
646
538
720
1408
102
1703
1664
1649
1830
105
187
1116
897
564
738
1007
1343
1333
1517
1014
864
1616
440
1443
1814
604
892
984
1938
352
1124
690
408
1598
642
394
337
1387
1200
695
1781
914
192
1653
1429
654
1867
1444
123
976
995
663
370
130
1012
1426
474
614
1509
1296
1740
1217
161
705
1614
422
1250
1842
1872
1743
1115
593
1549
1926
137
1795
1840
1815
457
1934
1246
1729
277
301
1383
1900
57
152
845
1126
436
1808
453
1800
1855
808
994
925
383
1064
1439
164
1994
656
1794
1908
881
717
1721
1863
527
416
1225
87
725
1757
1537
898
486
1006
1166
1013
1381
733
759
66
1758
1
506
19
736
1950
809
228
823
1481
905
24
1667
83
1108
439
820
1228
1705
861
288
911
1697
625
1479
382
1212
1110
1162
1763
840
1893
442
871
1142
1091
446
399
1768
73
644
1257
1981
43
1975
1688
1349
1707
1418
341
989
1051
1951
108
1915
1098
1856
472
1268
573
768
913
1589
946
954
1976
291
403
792
731
951
1385
359
1301
1812
198
880
556
511
186
1894
1826
1288
1896
273
1748
1836
1503
1877
63
176
896
752
1530
1002
107
851
608
441
258
1728
1100
1102
599
1219
1868
354
462
1906
293
1461
1356
1415
1235
1496
1668
678
249
1988
1578
1435
1133
983
1959
619
613
1063
270
1524
1980
1750
417
172
1093
1607
1359
1482
1073
1624
216
1784
682
1146
1238
583
1693
1796
283
1363
1770
1245
191
670
715
1331
1388
115
1128
1437
158
1295
667
316
1092
347
178
1914
1850
1468
712
986
653
1424
1515
1030
816
1148
1813
219
1140
1101
1325
821
473
1567
1560
1963
189
957
1394
349
461
1722
315
1121
970
1039
26
1417
585
1256
1955
669
1762
1734
482
193
1639
1971
814
1965
1581
831
406
426
1797
1997
998
1948
1927
1472
1676
64
985
797
1847
1335
458
711
1716
632
320
543
1023
146
1145
1769
336
99
1731
353
807
1686
928
1799
407
815
1299
534
1816
1699
1973
558
318
833
908
129
687
1139
